[2026-10-01T07:17:37.731+0000] {local_task_job_runner.py:123} INFO - ::group::Pre task execution logs
[2026-10-01T07:17:37.765+0000] {taskinstance.py:2614} INFO - Dependencies all met for dep_context=non-requeueable deps ti=<TaskInstance: my_data_pipeline.run_transformed_data manual__2026-10-01T07:09:11+00:00 [queued]>
[2026-10-01T07:17:37.784+0000] {taskinstance.py:2614} INFO - Dependencies all met for dep_context=requeueable deps ti=<TaskInstance: my_data_pipeline.run_transformed_data manual__2026-10-01T07:09:11+00:00 [queued]>
[2026-10-01T07:17:37.787+0000] {taskinstance.py:2867} INFO - Starting attempt 1 of 2
[2026-10-01T07:17:37.809+0000] {taskinstance.py:2890} INFO - Executing <Task(BashOperator): run_transformed_data> on 2026-10-01 07:09:11+00:00
[2026-10-01T07:17:37.816+0000] {standard_task_runner.py:72} INFO - Started process 541 to run task
[2026-10-01T07:17:37.820+0000] {standard_task_runner.py:104} INFO - Running: ['***', 'tasks', 'run', 'my_data_pipeline', 'run_transformed_data', 'manual__2026-10-01T07:09:11+00:00', '--job-id', '12', '--raw', '--subdir', 'DAGS_FOLDER/dbt_pipeline.py', '--cfg-path', '/tmp/tmpg7j80rmi']
[2026-10-01T07:17:37.826+0000] {standard_task_runner.py:105} INFO - Job 12: Subtask run_transformed_data
[2026-10-01T07:17:37.901+0000] {task_command.py:467} INFO - Running <TaskInstance: my_data_pipeline.run_transformed_data manual__2026-10-01T07:09:11+00:00 [running]> on host e946b1b4274d
[2026-10-01T07:17:38.012+0000] {taskinstance.py:3134} INFO - Exporting env vars: AIRFLOW_CTX_DAG_OWNER='***' AIRFLOW_CTX_DAG_ID='my_data_pipeline' AIRFLOW_CTX_TASK_ID='run_transformed_data' AIRFLOW_CTX_EXECUTION_DATE='2026-10-01T07:09:11+00:00' AIRFLOW_CTX_TRY_NUMBER='1' AIRFLOW_CTX_DAG_RUN_ID='manual__2026-10-01T07:09:11+00:00'
[2026-10-01T07:17:38.014+0000] {taskinstance.py:732} INFO - ::endgroup::
[2026-10-01T07:17:38.028+0000] {subprocess.py:78} INFO - Tmp dir root location: /tmp
[2026-10-01T07:17:38.030+0000] {subprocess.py:88} INFO - Running command: ['/usr/bin/bash', '-c', 'cd "/opt/***/my_data_pipeline" && dbt run --select path:models/transformed_data --profiles-dir "/opt/***/my_data_pipeline"']
[2026-10-01T07:17:38.041+0000] {subprocess.py:99} INFO - Output:
[2026-10-01T07:17:40.707+0000] {subprocess.py:106} INFO - [0m07:17:40  Running with dbt=1.7.19
[2026-10-01T07:17:41.001+0000] {subprocess.py:106} INFO - [0m07:17:41  Registered adapter: postgres=1.7.19
[2026-10-01T07:17:41.431+0000] {subprocess.py:106} INFO - [0m07:17:41  Found 14 models, 5 tests, 2 seeds, 0 sources, 0 exposures, 0 metrics, 402 macros, 0 groups, 0 semantic models
[2026-10-01T07:17:41.441+0000] {subprocess.py:106} INFO - [0m07:17:41
[2026-10-01T07:17:41.916+0000] {subprocess.py:106} INFO - [0m07:17:41  Concurrency: 4 threads (target='dev')
[2026-10-01T07:17:41.918+0000] {subprocess.py:106} INFO - [0m07:17:41
[2026-10-01T07:17:41.933+0000] {subprocess.py:106} INFO - [0m07:17:41  1 of 10 START sql table model dwh.dim_campaign ................................. [RUN]
[2026-10-01T07:17:41.934+0000] {subprocess.py:106} INFO - [0m07:17:41  2 of 10 START sql table model dwh.dim_contact_method ........................... [RUN]
[2026-10-01T07:17:41.936+0000] {subprocess.py:106} INFO - [0m07:17:41  3 of 10 START sql table model dwh.dim_date ..................................... [RUN]
[2026-10-01T07:17:41.938+0000] {subprocess.py:106} INFO - [0m07:17:41  4 of 10 START sql table model dwh.dim_lead_source .............................. [RUN]
[2026-10-01T07:17:42.483+0000] {subprocess.py:106} INFO - [0m07:17:42  4 of 10 OK created sql table model dwh.dim_lead_source ......................... [[32mSELECT 95[0m in 0.53s]
[2026-10-01T07:17:42.485+0000] {subprocess.py:106} INFO - [0m07:17:42  2 of 10 OK created sql table model dwh.dim_contact_method ...................... [[32mSELECT 77[0m in 0.54s]
[2026-10-01T07:17:42.496+0000] {subprocess.py:106} INFO - [0m07:17:42  5 of 10 START sql table model dwh.dim_lead_type ................................ [RUN]
[2026-10-01T07:17:42.498+0000] {subprocess.py:106} INFO - [0m07:17:42  6 of 10 START sql table model dwh.dim_location ................................. [RUN]
[2026-10-01T07:17:42.745+0000] {subprocess.py:106} INFO - [0m07:17:42  3 of 10 OK created sql table model dwh.dim_date ................................ [[32mSELECT 2354[0m in 0.80s]
[2026-10-01T07:17:42.765+0000] {subprocess.py:106} INFO - [0m07:17:42  7 of 10 START sql table model dwh.dim_property_type ............................ [RUN]
[2026-10-01T07:17:42.850+0000] {subprocess.py:106} INFO - [0m07:17:42  6 of 10 OK created sql table model dwh.dim_location ............................ [[32mSELECT 313[0m in 0.34s]
[2026-10-01T07:17:42.864+0000] {subprocess.py:106} INFO - [0m07:17:42  8 of 10 START sql table model dwh.dim_sale_category ............................ [RUN]
[2026-10-01T07:17:42.892+0000] {subprocess.py:106} INFO - [0m07:17:42  1 of 10 OK created sql table model dwh.dim_campaign ............................ [[32mSELECT 1437[0m in 0.95s]
[2026-10-01T07:17:43.037+0000] {subprocess.py:106} INFO - [0m07:17:43  7 of 10 OK created sql table model dwh.dim_property_type ....................... [[32mSELECT 14[0m in 0.26s]
[2026-10-01T07:17:43.082+0000] {subprocess.py:106} INFO - [0m07:17:43  5 of 10 OK created sql table model dwh.dim_lead_type ........................... [[32mSELECT 10[0m in 0.58s]
[2026-10-01T07:17:43.110+0000] {subprocess.py:106} INFO - [0m07:17:43  8 of 10 OK created sql table model dwh.dim_sale_category ....................... [[32mSELECT 6[0m in 0.24s]
[2026-10-01T07:17:43.117+0000] {subprocess.py:106} INFO - [0m07:17:43  9 of 10 START sql table model dwh.fact_sales ................................... [RUN]
[2026-10-01T07:17:43.853+0000] {subprocess.py:106} INFO - [0m07:17:43  9 of 10 OK created sql table model dwh.fact_sales .............................. [[32mSELECT 1567[0m in 0.73s]
[2026-10-01T07:17:43.863+0000] {subprocess.py:106} INFO - [0m07:17:43  10 of 10 START sql table model dwh.fact_leads .................................. [RUN]
[2026-10-01T07:17:59.692+0000] {subprocess.py:106} INFO - [0m07:17:59  10 of 10 OK created sql table model dwh.fact_leads ............................. [[32mSELECT 55845[0m in 15.82s]
[2026-10-01T07:17:59.780+0000] {subprocess.py:106} INFO - [0m07:17:59
[2026-10-01T07:17:59.782+0000] {subprocess.py:106} INFO - [0m07:17:59  Finished running 10 table models in 0 hours 0 minutes and 18.34 seconds (18.34s).
[2026-10-01T07:17:59.810+0000] {subprocess.py:106} INFO - [0m07:17:59
[2026-10-01T07:17:59.811+0000] {subprocess.py:106} INFO - [0m07:17:59  [32mCompleted successfully[0m
[2026-10-01T07:17:59.813+0000] {subprocess.py:106} INFO - [0m07:17:59
[2026-10-01T07:17:59.815+0000] {subprocess.py:106} INFO - [0m07:17:59  Done. PASS=10 WARN=0 ERROR=0 SKIP=0 TOTAL=10
[2026-10-01T07:18:01.944+0000] {subprocess.py:110} INFO - Command exited with return code 0
[2026-10-01T07:18:01.979+0000] {taskinstance.py:341} INFO - ::group::Post task execution logs
[2026-10-01T07:18:01.981+0000] {taskinstance.py:353} INFO - Marking task as SUCCESS. dag_id=my_data_pipeline, task_id=run_transformed_data, run_id=manual__2026-10-01T07:09:11+00:00, execution_date=20261001T070911, start_date=20261001T071737, end_date=20261001T071801
[2026-10-01T07:18:02.051+0000] {local_task_job_runner.py:266} INFO - Task exited with return code 0
[2026-10-01T07:18:02.076+0000] {taskinstance.py:3901} INFO - 1 downstream tasks scheduled from follow-on schedule check
[2026-10-01T07:18:02.081+0000] {local_task_job_runner.py:245} INFO - ::endgroup::
