[2026-10-01T07:17:30.311+0000] {local_task_job_runner.py:123} INFO - ::group::Pre task execution logs
[2026-10-01T07:17:30.341+0000] {taskinstance.py:2614} INFO - Dependencies all met for dep_context=non-requeueable deps ti=<TaskInstance: my_data_pipeline.run_std_data manual__2026-10-01T07:09:11+00:00 [queued]>
[2026-10-01T07:17:30.353+0000] {taskinstance.py:2614} INFO - Dependencies all met for dep_context=requeueable deps ti=<TaskInstance: my_data_pipeline.run_std_data manual__2026-10-01T07:09:11+00:00 [queued]>
[2026-10-01T07:17:30.356+0000] {taskinstance.py:2867} INFO - Starting attempt 1 of 2
[2026-10-01T07:17:30.372+0000] {taskinstance.py:2890} INFO - Executing <Task(BashOperator): run_std_data> on 2026-10-01 07:09:11+00:00
[2026-10-01T07:17:30.379+0000] {standard_task_runner.py:72} INFO - Started process 506 to run task
[2026-10-01T07:17:30.384+0000] {standard_task_runner.py:104} INFO - Running: ['***', 'tasks', 'run', 'my_data_pipeline', 'run_std_data', 'manual__2026-10-01T07:09:11+00:00', '--job-id', '9', '--raw', '--subdir', 'DAGS_FOLDER/dbt_pipeline.py', '--cfg-path', '/tmp/tmpayq0j0lc']
[2026-10-01T07:17:30.391+0000] {standard_task_runner.py:105} INFO - Job 9: Subtask run_std_data
[2026-10-01T07:17:30.463+0000] {task_command.py:467} INFO - Running <TaskInstance: my_data_pipeline.run_std_data manual__2026-10-01T07:09:11+00:00 [running]> on host e946b1b4274d
[2026-10-01T07:17:30.568+0000] {taskinstance.py:3134} INFO - Exporting env vars: AIRFLOW_CTX_DAG_OWNER='***' AIRFLOW_CTX_DAG_ID='my_data_pipeline' AIRFLOW_CTX_TASK_ID='run_std_data' AIRFLOW_CTX_EXECUTION_DATE='2026-10-01T07:09:11+00:00' AIRFLOW_CTX_TRY_NUMBER='1' AIRFLOW_CTX_DAG_RUN_ID='manual__2026-10-01T07:09:11+00:00'
[2026-10-01T07:17:30.572+0000] {taskinstance.py:732} INFO - ::endgroup::
[2026-10-01T07:17:30.585+0000] {subprocess.py:78} INFO - Tmp dir root location: /tmp
[2026-10-01T07:17:30.589+0000] {subprocess.py:88} INFO - Running command: ['/usr/bin/bash', '-c', 'cd "/opt/***/my_data_pipeline" && dbt run --select path:models/std_data --profiles-dir "/opt/***/my_data_pipeline"']
[2026-10-01T07:17:30.600+0000] {subprocess.py:99} INFO - Output:
[2026-10-01T07:17:33.166+0000] {subprocess.py:106} INFO - [0m07:17:33  Running with dbt=1.7.19
[2026-10-01T07:17:33.405+0000] {subprocess.py:106} INFO - [0m07:17:33  Registered adapter: postgres=1.7.19
[2026-10-01T07:17:33.829+0000] {subprocess.py:106} INFO - [0m07:17:33  Found 14 models, 5 tests, 2 seeds, 0 sources, 0 exposures, 0 metrics, 402 macros, 0 groups, 0 semantic models
[2026-10-01T07:17:33.841+0000] {subprocess.py:106} INFO - [0m07:17:33
[2026-10-01T07:17:34.351+0000] {subprocess.py:106} INFO - [0m07:17:34  Concurrency: 4 threads (target='dev')
[2026-10-01T07:17:34.353+0000] {subprocess.py:106} INFO - [0m07:17:34
[2026-10-01T07:17:34.368+0000] {subprocess.py:106} INFO - [0m07:17:34  1 of 2 START sql table model std_schema.std_leads .............................. [RUN]
[2026-10-01T07:17:34.370+0000] {subprocess.py:106} INFO - [0m07:17:34  2 of 2 START sql table model std_schema.std_sales .............................. [RUN]
[2026-10-01T07:17:34.757+0000] {subprocess.py:106} INFO - [0m07:17:34  2 of 2 OK created sql table model std_schema.std_sales ......................... [[32mSELECT 1567[0m in 0.38s]
[2026-10-01T07:17:35.719+0000] {subprocess.py:106} INFO - [0m07:17:35  1 of 2 OK created sql table model std_schema.std_leads ......................... [[32mSELECT 55845[0m in 1.34s]
[2026-10-01T07:17:35.825+0000] {subprocess.py:106} INFO - [0m07:17:35
[2026-10-01T07:17:35.828+0000] {subprocess.py:106} INFO - [0m07:17:35  Finished running 2 table models in 0 hours 0 minutes and 1.98 seconds (1.98s).
[2026-10-01T07:17:35.866+0000] {subprocess.py:106} INFO - [0m07:17:35
[2026-10-01T07:17:35.868+0000] {subprocess.py:106} INFO - [0m07:17:35  [32mCompleted successfully[0m
[2026-10-01T07:17:35.870+0000] {subprocess.py:106} INFO - [0m07:17:35
[2026-10-01T07:17:35.874+0000] {subprocess.py:106} INFO - [0m07:17:35  Done. PASS=2 WARN=0 ERROR=0 SKIP=0 TOTAL=2
[2026-10-01T07:17:36.867+0000] {subprocess.py:110} INFO - Command exited with return code 0
[2026-10-01T07:17:36.912+0000] {taskinstance.py:341} INFO - ::group::Post task execution logs
[2026-10-01T07:17:36.914+0000] {taskinstance.py:353} INFO - Marking task as SUCCESS. dag_id=my_data_pipeline, task_id=run_std_data, run_id=manual__2026-10-01T07:09:11+00:00, execution_date=20261001T070911, start_date=20261001T071730, end_date=20261001T071736
[2026-10-01T07:17:36.984+0000] {local_task_job_runner.py:266} INFO - Task exited with return code 0
[2026-10-01T07:17:37.009+0000] {taskinstance.py:3901} INFO - 1 downstream tasks scheduled from follow-on schedule check
[2026-10-01T07:17:37.014+0000] {local_task_job_runner.py:245} INFO - ::endgroup::
