[2026-10-01T10:00:09.299+0000] {local_task_job_runner.py:123} INFO - ::group::Pre task execution logs
[2026-10-01T10:00:09.324+0000] {taskinstance.py:2614} INFO - Dependencies all met for dep_context=non-requeueable deps ti=<TaskInstance: my_data_pipeline.load_seeds scheduled__2026-09-30T10:00:00+00:00 [queued]>
[2026-10-01T10:00:09.333+0000] {taskinstance.py:2614} INFO - Dependencies all met for dep_context=requeueable deps ti=<TaskInstance: my_data_pipeline.load_seeds scheduled__2026-09-30T10:00:00+00:00 [queued]>
[2026-10-01T10:00:09.335+0000] {taskinstance.py:2867} INFO - Starting attempt 1 of 2
[2026-10-01T10:00:09.352+0000] {taskinstance.py:2890} INFO - Executing <Task(BashOperator): load_seeds> on 2026-09-30 10:00:00+00:00
[2026-10-01T10:00:09.357+0000] {standard_task_runner.py:72} INFO - Started process 2466 to run task
[2026-10-01T10:00:09.360+0000] {standard_task_runner.py:104} INFO - Running: ['***', 'tasks', 'run', 'my_data_pipeline', 'load_seeds', 'scheduled__2026-09-30T10:00:00+00:00', '--job-id', '28', '--raw', '--subdir', 'DAGS_FOLDER/dbt_pipeline.py', '--cfg-path', '/tmp/tmp2jr1_i8o']
[2026-10-01T10:00:09.363+0000] {standard_task_runner.py:105} INFO - Job 28: Subtask load_seeds
[2026-10-01T10:00:09.419+0000] {task_command.py:467} INFO - Running <TaskInstance: my_data_pipeline.load_seeds scheduled__2026-09-30T10:00:00+00:00 [running]> on host e946b1b4274d
[2026-10-01T10:00:09.504+0000] {taskinstance.py:3134} INFO - Exporting env vars: AIRFLOW_CTX_DAG_OWNER='***' AIRFLOW_CTX_DAG_ID='my_data_pipeline' AIRFLOW_CTX_TASK_ID='load_seeds' AIRFLOW_CTX_EXECUTION_DATE='2026-09-30T10:00:00+00:00' AIRFLOW_CTX_TRY_NUMBER='1' AIRFLOW_CTX_DAG_RUN_ID='scheduled__2026-09-30T10:00:00+00:00'
[2026-10-01T10:00:09.508+0000] {taskinstance.py:732} INFO - ::endgroup::
[2026-10-01T10:00:09.520+0000] {subprocess.py:78} INFO - Tmp dir root location: /tmp
[2026-10-01T10:00:09.522+0000] {subprocess.py:88} INFO - Running command: ['/usr/bin/bash', '-c', 'cd "/opt/***/my_data_pipeline" && dbt seed --profiles-dir "/opt/***/my_data_pipeline"']
[2026-10-01T10:00:09.533+0000] {subprocess.py:99} INFO - Output:
[2026-10-01T10:00:11.759+0000] {subprocess.py:106} INFO - [0m10:00:11  Running with dbt=1.7.19
[2026-10-01T10:00:11.769+0000] {subprocess.py:106} INFO - [0m10:00:11  Encountered an error:
[2026-10-01T10:00:11.771+0000] {subprocess.py:106} INFO - Runtime Error
[2026-10-01T10:00:11.773+0000] {subprocess.py:106} INFO -   Could not find profile named 'my_data_pipeline'
[2026-10-01T10:00:12.566+0000] {subprocess.py:110} INFO - Command exited with return code 2
[2026-10-01T10:00:12.579+0000] {taskinstance.py:3313} ERROR - Task failed with exception
Traceback (most recent call last):
  File "/home/airflow/.local/lib/python3.11/site-packages/airflow/models/taskinstance.py", line 768, in _execute_task
    result = _execute_callable(context=context, **execute_callable_kwargs)
             ^^^^^^^^^^^^^^^^^^^^^^^^^^^^^^^^^^^^^^^^^^^^^^^^^^^^^^^^^^^^^
  File "/home/airflow/.local/lib/python3.11/site-packages/airflow/models/taskinstance.py", line 734, in _execute_callable
    return ExecutionCallableRunner(
           ^^^^^^^^^^^^^^^^^^^^^^^^
  File "/home/airflow/.local/lib/python3.11/site-packages/airflow/utils/operator_helpers.py", line 252, in run
    return self.func(*args, **kwargs)
           ^^^^^^^^^^^^^^^^^^^^^^^^^^
  File "/home/airflow/.local/lib/python3.11/site-packages/airflow/models/baseoperator.py", line 424, in wrapper
    return func(self, *args, **kwargs)
           ^^^^^^^^^^^^^^^^^^^^^^^^^^^
  File "/home/airflow/.local/lib/python3.11/site-packages/airflow/operators/bash.py", line 276, in execute
    raise AirflowException(
airflow.exceptions.AirflowException: Bash command failed. The command returned a non-zero exit code 2.
[2026-10-01T10:00:12.598+0000] {taskinstance.py:1226} INFO - Marking task as UP_FOR_RETRY. dag_id=my_data_pipeline, task_id=load_seeds, run_id=scheduled__2026-09-30T10:00:00+00:00, execution_date=20260930T100000, start_date=20261001T100009, end_date=20261001T100012
[2026-10-01T10:00:12.637+0000] {taskinstance.py:341} INFO - ::group::Post task execution logs
[2026-10-01T10:00:12.639+0000] {standard_task_runner.py:124} ERROR - Failed to execute job 28 for task load_seeds (Bash command failed. The command returned a non-zero exit code 2.; 2466)
Traceback (most recent call last):
  File "/home/airflow/.local/lib/python3.11/site-packages/airflow/task/task_runner/standard_task_runner.py", line 117, in _start_by_fork
    ret = args.func(args, dag=self.dag)
          ^^^^^^^^^^^^^^^^^^^^^^^^^^^^^
  File "/home/airflow/.local/lib/python3.11/site-packages/airflow/cli/cli_config.py", line 49, in command
    return func(*args, **kwargs)
           ^^^^^^^^^^^^^^^^^^^^^
  File "/home/airflow/.local/lib/python3.11/site-packages/airflow/utils/cli.py", line 116, in wrapper
    return f(*args, **kwargs)
           ^^^^^^^^^^^^^^^^^^
  File "/home/airflow/.local/lib/python3.11/site-packages/airflow/cli/commands/task_command.py", line 483, in task_run
    task_return_code = _run_task_by_selected_method(args, _dag, ti)
                       ^^^^^^^^^^^^^^^^^^^^^^^^^^^^^^^^^^^^^^^^^^^^
  File "/home/airflow/.local/lib/python3.11/site-packages/airflow/cli/commands/task_command.py", line 256, in _run_task_by_selected_method
    return _run_raw_task(args, ti)
           ^^^^^^^^^^^^^^^^^^^^^^^
  File "/home/airflow/.local/lib/python3.11/site-packages/airflow/cli/commands/task_command.py", line 341, in _run_raw_task
    return ti._run_raw_task(
           ^^^^^^^^^^^^^^^^^
  File "/home/airflow/.local/lib/python3.11/site-packages/airflow/utils/session.py", line 97, in wrapper
    return func(*args, session=session, **kwargs)
           ^^^^^^^^^^^^^^^^^^^^^^^^^^^^^^^^^^^^^^
  File "/home/airflow/.local/lib/python3.11/site-packages/airflow/models/taskinstance.py", line 3006, in _run_raw_task
    return _run_raw_task(
           ^^^^^^^^^^^^^^
  File "/home/airflow/.local/lib/python3.11/site-packages/airflow/models/taskinstance.py", line 274, in _run_raw_task
    TaskInstance._execute_task_with_callbacks(
  File "/home/airflow/.local/lib/python3.11/site-packages/airflow/models/taskinstance.py", line 3161, in _execute_task_with_callbacks
    result = self._execute_task(context, task_orig)
             ^^^^^^^^^^^^^^^^^^^^^^^^^^^^^^^^^^^^^^
  File "/home/airflow/.local/lib/python3.11/site-packages/airflow/models/taskinstance.py", line 3185, in _execute_task
    return _execute_task(self, context, task_orig)
           ^^^^^^^^^^^^^^^^^^^^^^^^^^^^^^^^^^^^^^^
  File "/home/airflow/.local/lib/python3.11/site-packages/airflow/models/taskinstance.py", line 768, in _execute_task
    result = _execute_callable(context=context, **execute_callable_kwargs)
             ^^^^^^^^^^^^^^^^^^^^^^^^^^^^^^^^^^^^^^^^^^^^^^^^^^^^^^^^^^^^^
  File "/home/airflow/.local/lib/python3.11/site-packages/airflow/models/taskinstance.py", line 734, in _execute_callable
    return ExecutionCallableRunner(
           ^^^^^^^^^^^^^^^^^^^^^^^^
  File "/home/airflow/.local/lib/python3.11/site-packages/airflow/utils/operator_helpers.py", line 252, in run
    return self.func(*args, **kwargs)
           ^^^^^^^^^^^^^^^^^^^^^^^^^^
  File "/home/airflow/.local/lib/python3.11/site-packages/airflow/models/baseoperator.py", line 424, in wrapper
    return func(self, *args, **kwargs)
           ^^^^^^^^^^^^^^^^^^^^^^^^^^^
  File "/home/airflow/.local/lib/python3.11/site-packages/airflow/operators/bash.py", line 276, in execute
    raise AirflowException(
airflow.exceptions.AirflowException: Bash command failed. The command returned a non-zero exit code 2.
[2026-10-01T10:00:12.677+0000] {local_task_job_runner.py:266} INFO - Task exited with return code 1
[2026-10-01T10:00:12.710+0000] {taskinstance.py:3901} INFO - 0 downstream tasks scheduled from follow-on schedule check
[2026-10-01T10:00:12.715+0000] {local_task_job_runner.py:245} INFO - ::endgroup::
