[2026-10-01T10:05:12.938+0000] {local_task_job_runner.py:123} INFO - ::group::Pre task execution logs
[2026-10-01T10:05:12.959+0000] {taskinstance.py:2614} INFO - Dependencies all met for dep_context=non-requeueable deps ti=<TaskInstance: my_data_pipeline.load_seeds scheduled__2026-09-30T10:00:00+00:00 [queued]>
[2026-10-01T10:05:12.967+0000] {taskinstance.py:2614} INFO - Dependencies all met for dep_context=requeueable deps ti=<TaskInstance: my_data_pipeline.load_seeds scheduled__2026-09-30T10:00:00+00:00 [queued]>
[2026-10-01T10:05:12.968+0000] {taskinstance.py:2867} INFO - Starting attempt 2 of 2
[2026-10-01T10:05:12.981+0000] {taskinstance.py:2890} INFO - Executing <Task(BashOperator): load_seeds> on 2026-09-30 10:00:00+00:00
[2026-10-01T10:05:12.987+0000] {standard_task_runner.py:72} INFO - Started process 2521 to run task
[2026-10-01T10:05:12.990+0000] {standard_task_runner.py:104} INFO - Running: ['***', 'tasks', 'run', 'my_data_pipeline', 'load_seeds', 'scheduled__2026-09-30T10:00:00+00:00', '--job-id', '29', '--raw', '--subdir', 'DAGS_FOLDER/dbt_pipeline.py', '--cfg-path', '/tmp/tmp7x551cao']
[2026-10-01T10:05:12.993+0000] {standard_task_runner.py:105} INFO - Job 29: Subtask load_seeds
[2026-10-01T10:05:13.046+0000] {task_command.py:467} INFO - Running <TaskInstance: my_data_pipeline.load_seeds scheduled__2026-09-30T10:00:00+00:00 [running]> on host e946b1b4274d
[2026-10-01T10:05:13.122+0000] {taskinstance.py:3134} INFO - Exporting env vars: AIRFLOW_CTX_DAG_OWNER='***' AIRFLOW_CTX_DAG_ID='my_data_pipeline' AIRFLOW_CTX_TASK_ID='load_seeds' AIRFLOW_CTX_EXECUTION_DATE='2026-09-30T10:00:00+00:00' AIRFLOW_CTX_TRY_NUMBER='2' AIRFLOW_CTX_DAG_RUN_ID='scheduled__2026-09-30T10:00:00+00:00'
[2026-10-01T10:05:13.124+0000] {taskinstance.py:732} INFO - ::endgroup::
[2026-10-01T10:05:13.135+0000] {subprocess.py:78} INFO - Tmp dir root location: /tmp
[2026-10-01T10:05:13.137+0000] {subprocess.py:88} INFO - Running command: ['/usr/bin/bash', '-c', 'cd "/opt/***/my_data_pipeline" && dbt seed --profiles-dir "/opt/***/my_data_pipeline"']
[2026-10-01T10:05:13.148+0000] {subprocess.py:99} INFO - Output:
[2026-10-01T10:05:15.222+0000] {subprocess.py:106} INFO - [0m10:05:15  Running with dbt=1.7.19
[2026-10-01T10:05:15.232+0000] {subprocess.py:106} INFO - [0m10:05:15  Encountered an error:
[2026-10-01T10:05:15.233+0000] {subprocess.py:106} INFO - Runtime Error
[2026-10-01T10:05:15.234+0000] {subprocess.py:106} INFO -   Could not find profile named 'my_data_pipeline'
[2026-10-01T10:05:16.191+0000] {subprocess.py:110} INFO - Command exited with return code 2
[2026-10-01T10:05:16.205+0000] {taskinstance.py:3313} ERROR - Task failed with exception
Traceback (most recent call last):
  File "/home/airflow/.local/lib/python3.11/site-packages/airflow/models/taskinstance.py", line 768, in _execute_task
    result = _execute_callable(context=context, **execute_callable_kwargs)
             ^^^^^^^^^^^^^^^^^^^^^^^^^^^^^^^^^^^^^^^^^^^^^^^^^^^^^^^^^^^^^
  File "/home/airflow/.local/lib/python3.11/site-packages/airflow/models/taskinstance.py", line 734, in _execute_callable
    return ExecutionCallableRunner(
           ^^^^^^^^^^^^^^^^^^^^^^^^
  File "/home/airflow/.local/lib/python3.11/site-packages/airflow/utils/operator_helpers.py", line 252, in run
    return self.func(*args, **kwargs)
           ^^^^^^^^^^^^^^^^^^^^^^^^^^
  File "/home/airflow/.local/lib/python3.11/site-packages/airflow/models/baseoperator.py", line 424, in wrapper
    return func(self, *args, **kwargs)
           ^^^^^^^^^^^^^^^^^^^^^^^^^^^
  File "/home/airflow/.local/lib/python3.11/site-packages/airflow/operators/bash.py", line 276, in execute
    raise AirflowException(
airflow.exceptions.AirflowException: Bash command failed. The command returned a non-zero exit code 2.
[2026-10-01T10:05:16.210+0000] {taskinstance.py:1226} INFO - Marking task as FAILED. dag_id=my_data_pipeline, task_id=load_seeds, run_id=scheduled__2026-09-30T10:00:00+00:00, execution_date=20260930T100000, start_date=20261001T100512, end_date=20261001T100516
[2026-10-01T10:05:16.255+0000] {taskinstance.py:341} INFO - ::group::Post task execution logs
[2026-10-01T10:05:16.257+0000] {standard_task_runner.py:124} ERROR - Failed to execute job 29 for task load_seeds (Bash command failed. The command returned a non-zero exit code 2.; 2521)
Traceback (most recent call last):
  File "/home/airflow/.local/lib/python3.11/site-packages/airflow/task/task_runner/standard_task_runner.py", line 117, in _start_by_fork
    ret = args.func(args, dag=self.dag)
          ^^^^^^^^^^^^^^^^^^^^^^^^^^^^^
  File "/home/airflow/.local/lib/python3.11/site-packages/airflow/cli/cli_config.py", line 49, in command
    return func(*args, **kwargs)
           ^^^^^^^^^^^^^^^^^^^^^
  File "/home/airflow/.local/lib/python3.11/site-packages/airflow/utils/cli.py", line 116, in wrapper
    return f(*args, **kwargs)
           ^^^^^^^^^^^^^^^^^^
  File "/home/airflow/.local/lib/python3.11/site-packages/airflow/cli/commands/task_command.py", line 483, in task_run
    task_return_code = _run_task_by_selected_method(args, _dag, ti)
                       ^^^^^^^^^^^^^^^^^^^^^^^^^^^^^^^^^^^^^^^^^^^^
  File "/home/airflow/.local/lib/python3.11/site-packages/airflow/cli/commands/task_command.py", line 256, in _run_task_by_selected_method
    return _run_raw_task(args, ti)
           ^^^^^^^^^^^^^^^^^^^^^^^
  File "/home/airflow/.local/lib/python3.11/site-packages/airflow/cli/commands/task_command.py", line 341, in _run_raw_task
    return ti._run_raw_task(
           ^^^^^^^^^^^^^^^^^
  File "/home/airflow/.local/lib/python3.11/site-packages/airflow/utils/session.py", line 97, in wrapper
    return func(*args, session=session, **kwargs)
           ^^^^^^^^^^^^^^^^^^^^^^^^^^^^^^^^^^^^^^
  File "/home/airflow/.local/lib/python3.11/site-packages/airflow/models/taskinstance.py", line 3006, in _run_raw_task
    return _run_raw_task(
           ^^^^^^^^^^^^^^
  File "/home/airflow/.local/lib/python3.11/site-packages/airflow/models/taskinstance.py", line 274, in _run_raw_task
    TaskInstance._execute_task_with_callbacks(
  File "/home/airflow/.local/lib/python3.11/site-packages/airflow/models/taskinstance.py", line 3161, in _execute_task_with_callbacks
    result = self._execute_task(context, task_orig)
             ^^^^^^^^^^^^^^^^^^^^^^^^^^^^^^^^^^^^^^
  File "/home/airflow/.local/lib/python3.11/site-packages/airflow/models/taskinstance.py", line 3185, in _execute_task
    return _execute_task(self, context, task_orig)
           ^^^^^^^^^^^^^^^^^^^^^^^^^^^^^^^^^^^^^^^
  File "/home/airflow/.local/lib/python3.11/site-packages/airflow/models/taskinstance.py", line 768, in _execute_task
    result = _execute_callable(context=context, **execute_callable_kwargs)
             ^^^^^^^^^^^^^^^^^^^^^^^^^^^^^^^^^^^^^^^^^^^^^^^^^^^^^^^^^^^^^
  File "/home/airflow/.local/lib/python3.11/site-packages/airflow/models/taskinstance.py", line 734, in _execute_callable
    return ExecutionCallableRunner(
           ^^^^^^^^^^^^^^^^^^^^^^^^
  File "/home/airflow/.local/lib/python3.11/site-packages/airflow/utils/operator_helpers.py", line 252, in run
    return self.func(*args, **kwargs)
           ^^^^^^^^^^^^^^^^^^^^^^^^^^
  File "/home/airflow/.local/lib/python3.11/site-packages/airflow/models/baseoperator.py", line 424, in wrapper
    return func(self, *args, **kwargs)
           ^^^^^^^^^^^^^^^^^^^^^^^^^^^
  File "/home/airflow/.local/lib/python3.11/site-packages/airflow/operators/bash.py", line 276, in execute
    raise AirflowException(
airflow.exceptions.AirflowException: Bash command failed. The command returned a non-zero exit code 2.
[2026-10-01T10:05:16.302+0000] {local_task_job_runner.py:266} INFO - Task exited with return code 1
[2026-10-01T10:05:16.325+0000] {taskinstance.py:3901} INFO - 0 downstream tasks scheduled from follow-on schedule check
[2026-10-01T10:05:16.332+0000] {local_task_job_runner.py:245} INFO - ::endgroup::
