[2026-10-01T07:09:11.605+0000] {local_task_job_runner.py:123} INFO - ::group::Pre task execution logs
[2026-10-01T07:09:11.630+0000] {taskinstance.py:2614} INFO - Dependencies all met for dep_context=non-requeueable deps ti=<TaskInstance: my_data_pipeline.install_dbt_dependencies manual__2026-10-01T07:09:11+00:00 [queued]>
[2026-10-01T07:09:11.641+0000] {taskinstance.py:2614} INFO - Dependencies all met for dep_context=requeueable deps ti=<TaskInstance: my_data_pipeline.install_dbt_dependencies manual__2026-10-01T07:09:11+00:00 [queued]>
[2026-10-01T07:09:11.643+0000] {taskinstance.py:2867} INFO - Starting attempt 1 of 2
[2026-10-01T07:09:11.659+0000] {taskinstance.py:2890} INFO - Executing <Task(BashOperator): install_dbt_dependencies> on 2026-10-01 07:09:11+00:00
[2026-10-01T07:09:11.669+0000] {standard_task_runner.py:72} INFO - Started process 263 to run task
[2026-10-01T07:09:11.672+0000] {standard_task_runner.py:104} INFO - Running: ['***', 'tasks', 'run', 'my_data_pipeline', 'install_dbt_dependencies', 'manual__2026-10-01T07:09:11+00:00', '--job-id', '3', '--raw', '--subdir', 'DAGS_FOLDER/dbt_pipeline.py', '--cfg-path', '/tmp/tmpc863mwdr']
[2026-10-01T07:09:11.676+0000] {standard_task_runner.py:105} INFO - Job 3: Subtask install_dbt_dependencies
[2026-10-01T07:09:11.760+0000] {task_command.py:467} INFO - Running <TaskInstance: my_data_pipeline.install_dbt_dependencies manual__2026-10-01T07:09:11+00:00 [running]> on host e946b1b4274d
[2026-10-01T07:09:11.877+0000] {taskinstance.py:3134} INFO - Exporting env vars: AIRFLOW_CTX_DAG_OWNER='***' AIRFLOW_CTX_DAG_ID='my_data_pipeline' AIRFLOW_CTX_TASK_ID='install_dbt_dependencies' AIRFLOW_CTX_EXECUTION_DATE='2026-10-01T07:09:11+00:00' AIRFLOW_CTX_TRY_NUMBER='1' AIRFLOW_CTX_DAG_RUN_ID='manual__2026-10-01T07:09:11+00:00'
[2026-10-01T07:09:11.880+0000] {taskinstance.py:732} INFO - ::endgroup::
[2026-10-01T07:09:11.892+0000] {subprocess.py:78} INFO - Tmp dir root location: /tmp
[2026-10-01T07:09:11.894+0000] {subprocess.py:88} INFO - Running command: ['/usr/bin/bash', '-c', 'cd "/opt/***/my_data_pipeline" && dbt deps --no-version-check --profiles-dir "/opt/***/my_data_pipeline"']
[2026-10-01T07:09:11.904+0000] {subprocess.py:99} INFO - Output:
[2026-10-01T07:09:14.691+0000] {subprocess.py:106} INFO - [0m07:09:14  Running with dbt=1.7.19
[2026-10-01T07:09:14.797+0000] {subprocess.py:106} INFO - [0m07:09:14  Warning: No packages were found in packages.yml
[2026-10-01T07:09:14.811+0000] {subprocess.py:106} INFO - [0m07:09:14  Warning: No packages were found in packages.yml
[2026-10-01T07:09:15.821+0000] {subprocess.py:110} INFO - Command exited with return code 0
[2026-10-01T07:09:15.861+0000] {taskinstance.py:341} INFO - ::group::Post task execution logs
[2026-10-01T07:09:15.862+0000] {taskinstance.py:353} INFO - Marking task as SUCCESS. dag_id=my_data_pipeline, task_id=install_dbt_dependencies, run_id=manual__2026-10-01T07:09:11+00:00, execution_date=20261001T070911, start_date=20261001T070911, end_date=20261001T070915
[2026-10-01T07:09:15.910+0000] {local_task_job_runner.py:266} INFO - Task exited with return code 0
[2026-10-01T07:09:15.950+0000] {taskinstance.py:3901} INFO - 1 downstream tasks scheduled from follow-on schedule check
[2026-10-01T07:09:15.954+0000] {local_task_job_runner.py:245} INFO - ::endgroup::
