[2026-10-01T07:09:16.279+0000] {local_task_job_runner.py:123} INFO - ::group::Pre task execution logs
[2026-10-01T07:09:16.305+0000] {taskinstance.py:2614} INFO - Dependencies all met for dep_context=non-requeueable deps ti=<TaskInstance: my_data_pipeline.load_seeds scheduled__2026-09-30T00:00:00+00:00 [queued]>
[2026-10-01T07:09:16.316+0000] {taskinstance.py:2614} INFO - Dependencies all met for dep_context=requeueable deps ti=<TaskInstance: my_data_pipeline.load_seeds scheduled__2026-09-30T00:00:00+00:00 [queued]>
[2026-10-01T07:09:16.318+0000] {taskinstance.py:2867} INFO - Starting attempt 1 of 2
[2026-10-01T07:09:16.331+0000] {taskinstance.py:2890} INFO - Executing <Task(BashOperator): load_seeds> on 2026-09-30 00:00:00+00:00
[2026-10-01T07:09:16.337+0000] {standard_task_runner.py:72} INFO - Started process 274 to run task
[2026-10-01T07:09:16.341+0000] {standard_task_runner.py:104} INFO - Running: ['***', 'tasks', 'run', 'my_data_pipeline', 'load_seeds', 'scheduled__2026-09-30T00:00:00+00:00', '--job-id', '6', '--raw', '--subdir', 'DAGS_FOLDER/dbt_pipeline.py', '--cfg-path', '/tmp/tmpzdk1zfm9']
[2026-10-01T07:09:16.345+0000] {standard_task_runner.py:105} INFO - Job 6: Subtask load_seeds
[2026-10-01T07:09:16.417+0000] {task_command.py:467} INFO - Running <TaskInstance: my_data_pipeline.load_seeds scheduled__2026-09-30T00:00:00+00:00 [running]> on host e946b1b4274d
[2026-10-01T07:09:16.521+0000] {taskinstance.py:3134} INFO - Exporting env vars: AIRFLOW_CTX_DAG_OWNER='***' AIRFLOW_CTX_DAG_ID='my_data_pipeline' AIRFLOW_CTX_TASK_ID='load_seeds' AIRFLOW_CTX_EXECUTION_DATE='2026-09-30T00:00:00+00:00' AIRFLOW_CTX_TRY_NUMBER='1' AIRFLOW_CTX_DAG_RUN_ID='scheduled__2026-09-30T00:00:00+00:00'
[2026-10-01T07:09:16.523+0000] {taskinstance.py:732} INFO - ::endgroup::
[2026-10-01T07:09:16.536+0000] {subprocess.py:78} INFO - Tmp dir root location: /tmp
[2026-10-01T07:09:16.538+0000] {subprocess.py:88} INFO - Running command: ['/usr/bin/bash', '-c', 'cd "/opt/***/my_data_pipeline" && dbt seed --profiles-dir "/opt/***/my_data_pipeline"']
[2026-10-01T07:09:16.549+0000] {subprocess.py:99} INFO - Output:
[2026-10-01T07:09:19.071+0000] {subprocess.py:106} INFO - [0m07:09:19  Running with dbt=1.7.19
[2026-10-01T07:09:19.274+0000] {subprocess.py:106} INFO - [0m07:09:19  Registered adapter: postgres=1.7.19
[2026-10-01T07:09:21.077+0000] {subprocess.py:106} INFO - [0m07:09:21  Found 14 models, 5 tests, 2 seeds, 0 sources, 0 exposures, 0 metrics, 402 macros, 0 groups, 0 semantic models
[2026-10-01T07:09:21.085+0000] {subprocess.py:106} INFO - [0m07:09:21
[2026-10-01T07:09:21.377+0000] {subprocess.py:106} INFO - [0m07:09:21  Concurrency: 4 threads (target='dev')
[2026-10-01T07:09:21.379+0000] {subprocess.py:106} INFO - [0m07:09:21
[2026-10-01T07:09:21.393+0000] {subprocess.py:106} INFO - [0m07:09:21  1 of 2 START seed file data_source.source_leads ................................ [RUN]
[2026-10-01T07:09:21.395+0000] {subprocess.py:106} INFO - [0m07:09:21  2 of 2 START seed file data_source.source_sales ................................ [RUN]
[2026-10-01T07:09:28.781+0000] {subprocess.py:106} INFO - [0m07:09:28  2 of 2 OK loaded seed file data_source.source_sales ............................ [[32mINSERT 1567[0m in 7.38s]
[2026-10-01T07:17:28.214+0000] {subprocess.py:106} INFO - [0m07:17:28  1 of 2 OK loaded seed file data_source.source_leads ............................ [[32mINSERT 55924[0m in 486.81s]
[2026-10-01T07:17:28.405+0000] {subprocess.py:106} INFO - [0m07:17:28
[2026-10-01T07:17:28.407+0000] {subprocess.py:106} INFO - [0m07:17:28  Finished running 2 seeds in 0 hours 8 minutes and 7.32 seconds (487.32s).
[2026-10-01T07:17:28.441+0000] {subprocess.py:106} INFO - [0m07:17:28
[2026-10-01T07:17:28.442+0000] {subprocess.py:106} INFO - [0m07:17:28  [32mCompleted successfully[0m
[2026-10-01T07:17:28.444+0000] {subprocess.py:106} INFO - [0m07:17:28
[2026-10-01T07:17:28.446+0000] {subprocess.py:106} INFO - [0m07:17:28  Done. PASS=2 WARN=0 ERROR=0 SKIP=0 TOTAL=2
[2026-10-01T07:17:29.926+0000] {subprocess.py:110} INFO - Command exited with return code 0
[2026-10-01T07:17:29.959+0000] {taskinstance.py:341} INFO - ::group::Post task execution logs
[2026-10-01T07:17:29.961+0000] {taskinstance.py:353} INFO - Marking task as SUCCESS. dag_id=my_data_pipeline, task_id=load_seeds, run_id=scheduled__2026-09-30T00:00:00+00:00, execution_date=20260930T000000, start_date=20261001T070916, end_date=20261001T071729
[2026-10-01T07:17:30.037+0000] {local_task_job_runner.py:266} INFO - Task exited with return code 0
[2026-10-01T07:17:30.049+0000] {local_task_job_runner.py:245} INFO - ::endgroup::
