[2026-10-01T07:17:37.730+0000] {local_task_job_runner.py:123} INFO - ::group::Pre task execution logs
[2026-10-01T07:17:37.765+0000] {taskinstance.py:2614} INFO - Dependencies all met for dep_context=non-requeueable deps ti=<TaskInstance: my_data_pipeline.run_std_data scheduled__2026-09-30T00:00:00+00:00 [queued]>
[2026-10-01T07:17:37.784+0000] {taskinstance.py:2614} INFO - Dependencies all met for dep_context=requeueable deps ti=<TaskInstance: my_data_pipeline.run_std_data scheduled__2026-09-30T00:00:00+00:00 [queued]>
[2026-10-01T07:17:37.787+0000] {taskinstance.py:2867} INFO - Starting attempt 1 of 2
[2026-10-01T07:17:37.809+0000] {taskinstance.py:2890} INFO - Executing <Task(BashOperator): run_std_data> on 2026-09-30 00:00:00+00:00
[2026-10-01T07:17:37.816+0000] {standard_task_runner.py:72} INFO - Started process 540 to run task
[2026-10-01T07:17:37.827+0000] {standard_task_runner.py:104} INFO - Running: ['***', 'tasks', 'run', 'my_data_pipeline', 'run_std_data', 'scheduled__2026-09-30T00:00:00+00:00', '--job-id', '11', '--raw', '--subdir', 'DAGS_FOLDER/dbt_pipeline.py', '--cfg-path', '/tmp/tmpavllmuyq']
[2026-10-01T07:17:37.833+0000] {standard_task_runner.py:105} INFO - Job 11: Subtask run_std_data
[2026-10-01T07:17:37.902+0000] {task_command.py:467} INFO - Running <TaskInstance: my_data_pipeline.run_std_data scheduled__2026-09-30T00:00:00+00:00 [running]> on host e946b1b4274d
[2026-10-01T07:17:38.006+0000] {taskinstance.py:3134} INFO - Exporting env vars: AIRFLOW_CTX_DAG_OWNER='***' AIRFLOW_CTX_DAG_ID='my_data_pipeline' AIRFLOW_CTX_TASK_ID='run_std_data' AIRFLOW_CTX_EXECUTION_DATE='2026-09-30T00:00:00+00:00' AIRFLOW_CTX_TRY_NUMBER='1' AIRFLOW_CTX_DAG_RUN_ID='scheduled__2026-09-30T00:00:00+00:00'
[2026-10-01T07:17:38.010+0000] {taskinstance.py:732} INFO - ::endgroup::
[2026-10-01T07:17:38.023+0000] {subprocess.py:78} INFO - Tmp dir root location: /tmp
[2026-10-01T07:17:38.027+0000] {subprocess.py:88} INFO - Running command: ['/usr/bin/bash', '-c', 'cd "/opt/***/my_data_pipeline" && dbt run --select path:models/std_data --profiles-dir "/opt/***/my_data_pipeline"']
[2026-10-01T07:17:38.038+0000] {subprocess.py:99} INFO - Output:
[2026-10-01T07:17:40.725+0000] {subprocess.py:106} INFO - [0m07:17:40  Running with dbt=1.7.19
[2026-10-01T07:17:41.021+0000] {subprocess.py:106} INFO - [0m07:17:41  Registered adapter: postgres=1.7.19
[2026-10-01T07:17:41.439+0000] {subprocess.py:106} INFO - [0m07:17:41  Found 14 models, 5 tests, 2 seeds, 0 sources, 0 exposures, 0 metrics, 402 macros, 0 groups, 0 semantic models
[2026-10-01T07:17:41.451+0000] {subprocess.py:106} INFO - [0m07:17:41
[2026-10-01T07:17:41.866+0000] {subprocess.py:106} INFO - [0m07:17:41  Concurrency: 4 threads (target='dev')
[2026-10-01T07:17:41.868+0000] {subprocess.py:106} INFO - [0m07:17:41
[2026-10-01T07:17:41.881+0000] {subprocess.py:106} INFO - [0m07:17:41  1 of 2 START sql table model std_schema.std_leads .............................. [RUN]
[2026-10-01T07:17:41.883+0000] {subprocess.py:106} INFO - [0m07:17:41  2 of 2 START sql table model std_schema.std_sales .............................. [RUN]
[2026-10-01T07:17:42.303+0000] {subprocess.py:106} INFO - [0m07:17:42  2 of 2 OK created sql table model std_schema.std_sales ......................... [[32mSELECT 1567[0m in 0.42s]
[2026-10-01T07:17:43.401+0000] {subprocess.py:106} INFO - [0m07:17:43  1 of 2 OK created sql table model std_schema.std_leads ......................... [[32mSELECT 55845[0m in 1.51s]
[2026-10-01T07:17:43.611+0000] {subprocess.py:106} INFO - [0m07:17:43
[2026-10-01T07:17:43.614+0000] {subprocess.py:106} INFO - [0m07:17:43  Finished running 2 table models in 0 hours 0 minutes and 2.16 seconds (2.16s).
[2026-10-01T07:17:43.650+0000] {subprocess.py:106} INFO - [0m07:17:43
[2026-10-01T07:17:43.652+0000] {subprocess.py:106} INFO - [0m07:17:43  [32mCompleted successfully[0m
[2026-10-01T07:17:43.654+0000] {subprocess.py:106} INFO - [0m07:17:43
[2026-10-01T07:17:43.656+0000] {subprocess.py:106} INFO - [0m07:17:43  Done. PASS=2 WARN=0 ERROR=0 SKIP=0 TOTAL=2
[2026-10-01T07:17:44.658+0000] {subprocess.py:110} INFO - Command exited with return code 0
[2026-10-01T07:17:44.709+0000] {taskinstance.py:341} INFO - ::group::Post task execution logs
[2026-10-01T07:17:44.712+0000] {taskinstance.py:353} INFO - Marking task as SUCCESS. dag_id=my_data_pipeline, task_id=run_std_data, run_id=scheduled__2026-09-30T00:00:00+00:00, execution_date=20260930T000000, start_date=20261001T071737, end_date=20261001T071744
[2026-10-01T07:17:44.780+0000] {local_task_job_runner.py:266} INFO - Task exited with return code 0
[2026-10-01T07:17:44.826+0000] {taskinstance.py:3901} INFO - 1 downstream tasks scheduled from follow-on schedule check
[2026-10-01T07:17:44.833+0000] {local_task_job_runner.py:245} INFO - ::endgroup::
