[2026-10-01T07:17:46.031+0000] {local_task_job_runner.py:123} INFO - ::group::Pre task execution logs
[2026-10-01T07:17:46.058+0000] {taskinstance.py:2614} INFO - Dependencies all met for dep_context=non-requeueable deps ti=<TaskInstance: my_data_pipeline.run_transformed_data scheduled__2026-09-30T00:00:00+00:00 [queued]>
[2026-10-01T07:17:46.071+0000] {taskinstance.py:2614} INFO - Dependencies all met for dep_context=requeueable deps ti=<TaskInstance: my_data_pipeline.run_transformed_data scheduled__2026-09-30T00:00:00+00:00 [queued]>
[2026-10-01T07:17:46.073+0000] {taskinstance.py:2867} INFO - Starting attempt 1 of 2
[2026-10-01T07:17:46.088+0000] {taskinstance.py:2890} INFO - Executing <Task(BashOperator): run_transformed_data> on 2026-09-30 00:00:00+00:00
[2026-10-01T07:17:46.094+0000] {standard_task_runner.py:72} INFO - Started process 573 to run task
[2026-10-01T07:17:46.100+0000] {standard_task_runner.py:104} INFO - Running: ['***', 'tasks', 'run', 'my_data_pipeline', 'run_transformed_data', 'scheduled__2026-09-30T00:00:00+00:00', '--job-id', '13', '--raw', '--subdir', 'DAGS_FOLDER/dbt_pipeline.py', '--cfg-path', '/tmp/tmp4lvq0kat']
[2026-10-01T07:17:46.103+0000] {standard_task_runner.py:105} INFO - Job 13: Subtask run_transformed_data
[2026-10-01T07:17:46.174+0000] {task_command.py:467} INFO - Running <TaskInstance: my_data_pipeline.run_transformed_data scheduled__2026-09-30T00:00:00+00:00 [running]> on host e946b1b4274d
[2026-10-01T07:17:46.277+0000] {taskinstance.py:3134} INFO - Exporting env vars: AIRFLOW_CTX_DAG_OWNER='***' AIRFLOW_CTX_DAG_ID='my_data_pipeline' AIRFLOW_CTX_TASK_ID='run_transformed_data' AIRFLOW_CTX_EXECUTION_DATE='2026-09-30T00:00:00+00:00' AIRFLOW_CTX_TRY_NUMBER='1' AIRFLOW_CTX_DAG_RUN_ID='scheduled__2026-09-30T00:00:00+00:00'
[2026-10-01T07:17:46.281+0000] {taskinstance.py:732} INFO - ::endgroup::
[2026-10-01T07:17:46.293+0000] {subprocess.py:78} INFO - Tmp dir root location: /tmp
[2026-10-01T07:17:46.297+0000] {subprocess.py:88} INFO - Running command: ['/usr/bin/bash', '-c', 'cd "/opt/***/my_data_pipeline" && dbt run --select path:models/transformed_data --profiles-dir "/opt/***/my_data_pipeline"']
[2026-10-01T07:17:46.308+0000] {subprocess.py:99} INFO - Output:
[2026-10-01T07:17:48.791+0000] {subprocess.py:106} INFO - [0m07:17:48  Running with dbt=1.7.19
[2026-10-01T07:17:49.002+0000] {subprocess.py:106} INFO - [0m07:17:49  Registered adapter: postgres=1.7.19
[2026-10-01T07:17:49.493+0000] {subprocess.py:106} INFO - [0m07:17:49  Found 14 models, 5 tests, 2 seeds, 0 sources, 0 exposures, 0 metrics, 402 macros, 0 groups, 0 semantic models
[2026-10-01T07:17:49.503+0000] {subprocess.py:106} INFO - [0m07:17:49
[2026-10-01T07:17:49.930+0000] {subprocess.py:106} INFO - [0m07:17:49  Concurrency: 4 threads (target='dev')
[2026-10-01T07:17:49.932+0000] {subprocess.py:106} INFO - [0m07:17:49
[2026-10-01T07:17:49.949+0000] {subprocess.py:106} INFO - [0m07:17:49  1 of 10 START sql table model dwh.dim_campaign ................................. [RUN]
[2026-10-01T07:17:49.951+0000] {subprocess.py:106} INFO - [0m07:17:49  2 of 10 START sql table model dwh.dim_contact_method ........................... [RUN]
[2026-10-01T07:17:49.953+0000] {subprocess.py:106} INFO - [0m07:17:49  3 of 10 START sql table model dwh.dim_date ..................................... [RUN]
[2026-10-01T07:17:49.955+0000] {subprocess.py:106} INFO - [0m07:17:49  4 of 10 START sql table model dwh.dim_lead_source .............................. [RUN]
[2026-10-01T07:17:59.922+0000] {subprocess.py:106} INFO - [0m07:17:59  1 of 10 OK created sql table model dwh.dim_campaign ............................ [[32mSELECT 1437[0m in 9.95s]
[2026-10-01T07:17:59.927+0000] {subprocess.py:106} INFO - [0m07:17:59  3 of 10 OK created sql table model dwh.dim_date ................................ [[32mSELECT 2354[0m in 9.95s]
[2026-10-01T07:17:59.930+0000] {subprocess.py:106} INFO - [0m07:17:59  2 of 10 OK created sql table model dwh.dim_contact_method ...................... [[32mSELECT 77[0m in 9.96s]
[2026-10-01T07:17:59.935+0000] {subprocess.py:106} INFO - [0m07:17:59  4 of 10 OK created sql table model dwh.dim_lead_source ......................... [[32mSELECT 95[0m in 9.96s]
[2026-10-01T07:17:59.947+0000] {subprocess.py:106} INFO - [0m07:17:59  5 of 10 START sql table model dwh.dim_lead_type ................................ [RUN]
[2026-10-01T07:17:59.952+0000] {subprocess.py:106} INFO - [0m07:17:59  6 of 10 START sql table model dwh.dim_location ................................. [RUN]
[2026-10-01T07:17:59.954+0000] {subprocess.py:106} INFO - [0m07:17:59  7 of 10 START sql table model dwh.dim_property_type ............................ [RUN]
[2026-10-01T07:17:59.958+0000] {subprocess.py:106} INFO - [0m07:17:59  8 of 10 START sql table model dwh.dim_sale_category ............................ [RUN]
[2026-10-01T07:18:00.264+0000] {subprocess.py:106} INFO - [0m07:18:00  8 of 10 OK created sql table model dwh.dim_sale_category ....................... [[32mSELECT 6[0m in 0.30s]
[2026-10-01T07:18:00.279+0000] {subprocess.py:106} INFO - [0m07:18:00  6 of 10 OK created sql table model dwh.dim_location ............................ [[32mSELECT 313[0m in 0.32s]
[2026-10-01T07:18:00.380+0000] {subprocess.py:106} INFO - [0m07:18:00  7 of 10 OK created sql table model dwh.dim_property_type ....................... [[32mSELECT 14[0m in 0.41s]
[2026-10-01T07:18:00.392+0000] {subprocess.py:106} INFO - [0m07:18:00  5 of 10 OK created sql table model dwh.dim_lead_type ........................... [[32mSELECT 10[0m in 0.43s]
[2026-10-01T07:18:00.398+0000] {subprocess.py:106} INFO - [0m07:18:00  9 of 10 START sql table model dwh.fact_sales ................................... [RUN]
[2026-10-01T07:18:00.952+0000] {subprocess.py:106} INFO - [0m07:18:00  9 of 10 OK created sql table model dwh.fact_sales .............................. [[32mSELECT 1567[0m in 0.55s]
[2026-10-01T07:18:00.958+0000] {subprocess.py:106} INFO - [0m07:18:00  10 of 10 START sql table model dwh.fact_leads .................................. [RUN]
[2026-10-01T07:18:17.135+0000] {subprocess.py:106} INFO - [0m07:18:17  10 of 10 OK created sql table model dwh.fact_leads ............................. [[32mSELECT 55845[0m in 16.17s]
[2026-10-01T07:18:17.212+0000] {subprocess.py:106} INFO - [0m07:18:17
[2026-10-01T07:18:17.214+0000] {subprocess.py:106} INFO - [0m07:18:17  Finished running 10 table models in 0 hours 0 minutes and 27.71 seconds (27.71s).
[2026-10-01T07:18:17.246+0000] {subprocess.py:106} INFO - [0m07:18:17
[2026-10-01T07:18:17.247+0000] {subprocess.py:106} INFO - [0m07:18:17  [32mCompleted successfully[0m
[2026-10-01T07:18:17.249+0000] {subprocess.py:106} INFO - [0m07:18:17
[2026-10-01T07:18:17.251+0000] {subprocess.py:106} INFO - [0m07:18:17  Done. PASS=10 WARN=0 ERROR=0 SKIP=0 TOTAL=10
[2026-10-01T07:18:18.509+0000] {subprocess.py:110} INFO - Command exited with return code 0
[2026-10-01T07:18:18.550+0000] {taskinstance.py:341} INFO - ::group::Post task execution logs
[2026-10-01T07:18:18.552+0000] {taskinstance.py:353} INFO - Marking task as SUCCESS. dag_id=my_data_pipeline, task_id=run_transformed_data, run_id=scheduled__2026-09-30T00:00:00+00:00, execution_date=20260930T000000, start_date=20261001T071746, end_date=20261001T071818
[2026-10-01T07:18:18.614+0000] {local_task_job_runner.py:266} INFO - Task exited with return code 0
[2026-10-01T07:18:18.636+0000] {taskinstance.py:3901} INFO - 1 downstream tasks scheduled from follow-on schedule check
[2026-10-01T07:18:18.641+0000] {local_task_job_runner.py:245} INFO - ::endgroup::
