[2026-10-01T07:24:09.125+0000] {local_task_job_runner.py:123} INFO - ::group::Pre task execution logs
[2026-10-01T07:24:09.146+0000] {taskinstance.py:2614} INFO - Dependencies all met for dep_context=non-requeueable deps ti=<TaskInstance: my_data_pipeline.install_dbt_dependencies manual__2026-10-01T07:24:07+00:00 [queued]>
[2026-10-01T07:24:09.155+0000] {taskinstance.py:2614} INFO - Dependencies all met for dep_context=requeueable deps ti=<TaskInstance: my_data_pipeline.install_dbt_dependencies manual__2026-10-01T07:24:07+00:00 [queued]>
[2026-10-01T07:24:09.157+0000] {taskinstance.py:2867} INFO - Starting attempt 1 of 2
[2026-10-01T07:24:09.171+0000] {taskinstance.py:2890} INFO - Executing <Task(BashOperator): install_dbt_dependencies> on 2026-10-01 07:24:07+00:00
[2026-10-01T07:24:09.177+0000] {standard_task_runner.py:72} INFO - Started process 751 to run task
[2026-10-01T07:24:09.180+0000] {standard_task_runner.py:104} INFO - Running: ['***', 'tasks', 'run', 'my_data_pipeline', 'install_dbt_dependencies', 'manual__2026-10-01T07:24:07+00:00', '--job-id', '18', '--raw', '--subdir', 'DAGS_FOLDER/dbt_pipeline.py', '--cfg-path', '/tmp/tmp0f9eelwu']
[2026-10-01T07:24:09.184+0000] {standard_task_runner.py:105} INFO - Job 18: Subtask install_dbt_dependencies
[2026-10-01T07:24:09.253+0000] {task_command.py:467} INFO - Running <TaskInstance: my_data_pipeline.install_dbt_dependencies manual__2026-10-01T07:24:07+00:00 [running]> on host e946b1b4274d
[2026-10-01T07:24:09.377+0000] {taskinstance.py:3134} INFO - Exporting env vars: AIRFLOW_CTX_DAG_OWNER='***' AIRFLOW_CTX_DAG_ID='my_data_pipeline' AIRFLOW_CTX_TASK_ID='install_dbt_dependencies' AIRFLOW_CTX_EXECUTION_DATE='2026-10-01T07:24:07+00:00' AIRFLOW_CTX_TRY_NUMBER='1' AIRFLOW_CTX_DAG_RUN_ID='manual__2026-10-01T07:24:07+00:00'
[2026-10-01T07:24:09.380+0000] {taskinstance.py:732} INFO - ::endgroup::
[2026-10-01T07:24:09.400+0000] {subprocess.py:78} INFO - Tmp dir root location: /tmp
[2026-10-01T07:24:09.403+0000] {subprocess.py:88} INFO - Running command: ['/usr/bin/bash', '-c', 'cd "/opt/***/my_data_pipeline" && dbt deps --no-version-check --profiles-dir "/opt/***/my_data_pipeline"']
[2026-10-01T07:24:09.416+0000] {subprocess.py:99} INFO - Output:
[2026-10-01T07:24:12.348+0000] {subprocess.py:106} INFO - [0m07:24:12  Running with dbt=1.7.19
[2026-10-01T07:24:12.477+0000] {subprocess.py:106} INFO - [0m07:24:12  Warning: No packages were found in packages.yml
[2026-10-01T07:24:12.491+0000] {subprocess.py:106} INFO - [0m07:24:12  Warning: No packages were found in packages.yml
[2026-10-01T07:24:14.227+0000] {subprocess.py:110} INFO - Command exited with return code 0
[2026-10-01T07:24:14.262+0000] {taskinstance.py:341} INFO - ::group::Post task execution logs
[2026-10-01T07:24:14.265+0000] {taskinstance.py:353} INFO - Marking task as SUCCESS. dag_id=my_data_pipeline, task_id=install_dbt_dependencies, run_id=manual__2026-10-01T07:24:07+00:00, execution_date=20261001T072407, start_date=20261001T072409, end_date=20261001T072414
[2026-10-01T07:24:14.314+0000] {local_task_job_runner.py:266} INFO - Task exited with return code 0
[2026-10-01T07:24:14.352+0000] {taskinstance.py:3901} INFO - 1 downstream tasks scheduled from follow-on schedule check
[2026-10-01T07:24:14.356+0000] {local_task_job_runner.py:245} INFO - ::endgroup::
