[2026-10-01T07:29:15.290+0000] {local_task_job_runner.py:123} INFO - ::group::Pre task execution logs
[2026-10-01T07:29:15.319+0000] {taskinstance.py:2614} INFO - Dependencies all met for dep_context=non-requeueable deps ti=<TaskInstance: my_data_pipeline.run_std_data manual__2026-10-01T07:24:07+00:00 [queued]>
[2026-10-01T07:29:15.333+0000] {taskinstance.py:2614} INFO - Dependencies all met for dep_context=requeueable deps ti=<TaskInstance: my_data_pipeline.run_std_data manual__2026-10-01T07:24:07+00:00 [queued]>
[2026-10-01T07:29:15.335+0000] {taskinstance.py:2867} INFO - Starting attempt 1 of 2
[2026-10-01T07:29:15.350+0000] {taskinstance.py:2890} INFO - Executing <Task(BashOperator): run_std_data> on 2026-10-01 07:24:07+00:00
[2026-10-01T07:29:15.356+0000] {standard_task_runner.py:72} INFO - Started process 870 to run task
[2026-10-01T07:29:15.360+0000] {standard_task_runner.py:104} INFO - Running: ['***', 'tasks', 'run', 'my_data_pipeline', 'run_std_data', 'manual__2026-10-01T07:24:07+00:00', '--job-id', '22', '--raw', '--subdir', 'DAGS_FOLDER/dbt_pipeline.py', '--cfg-path', '/tmp/tmp25nox2ok']
[2026-10-01T07:29:15.365+0000] {standard_task_runner.py:105} INFO - Job 22: Subtask run_std_data
[2026-10-01T07:29:15.441+0000] {task_command.py:467} INFO - Running <TaskInstance: my_data_pipeline.run_std_data manual__2026-10-01T07:24:07+00:00 [running]> on host e946b1b4274d
[2026-10-01T07:29:15.549+0000] {taskinstance.py:3134} INFO - Exporting env vars: AIRFLOW_CTX_DAG_OWNER='***' AIRFLOW_CTX_DAG_ID='my_data_pipeline' AIRFLOW_CTX_TASK_ID='run_std_data' AIRFLOW_CTX_EXECUTION_DATE='2026-10-01T07:24:07+00:00' AIRFLOW_CTX_TRY_NUMBER='1' AIRFLOW_CTX_DAG_RUN_ID='manual__2026-10-01T07:24:07+00:00'
[2026-10-01T07:29:15.552+0000] {taskinstance.py:732} INFO - ::endgroup::
[2026-10-01T07:29:15.571+0000] {subprocess.py:78} INFO - Tmp dir root location: /tmp
[2026-10-01T07:29:15.573+0000] {subprocess.py:88} INFO - Running command: ['/usr/bin/bash', '-c', 'cd "/opt/***/my_data_pipeline" && dbt run --select path:models/std_data --profiles-dir "/opt/***/my_data_pipeline"']
[2026-10-01T07:29:15.589+0000] {subprocess.py:99} INFO - Output:
[2026-10-01T07:29:18.404+0000] {subprocess.py:106} INFO - [0m07:29:18  Running with dbt=1.7.19
[2026-10-01T07:29:18.629+0000] {subprocess.py:106} INFO - [0m07:29:18  Registered adapter: postgres=1.7.19
[2026-10-01T07:29:19.338+0000] {subprocess.py:106} INFO - [0m07:29:19  Found 14 models, 5 tests, 2 seeds, 0 sources, 0 exposures, 0 metrics, 402 macros, 0 groups, 0 semantic models
[2026-10-01T07:29:19.349+0000] {subprocess.py:106} INFO - [0m07:29:19
[2026-10-01T07:29:19.939+0000] {subprocess.py:106} INFO - [0m07:29:19  Concurrency: 4 threads (target='dev')
[2026-10-01T07:29:19.941+0000] {subprocess.py:106} INFO - [0m07:29:19
[2026-10-01T07:29:19.958+0000] {subprocess.py:106} INFO - [0m07:29:19  1 of 2 START sql table model std_schema.std_leads .............................. [RUN]
[2026-10-01T07:29:19.961+0000] {subprocess.py:106} INFO - [0m07:29:19  2 of 2 START sql table model std_schema.std_sales .............................. [RUN]
[2026-10-01T07:29:20.341+0000] {subprocess.py:106} INFO - [0m07:29:20  2 of 2 OK created sql table model std_schema.std_sales ......................... [[32mSELECT 1567[0m in 0.37s]
[2026-10-01T07:29:21.454+0000] {subprocess.py:106} INFO - [0m07:29:21  1 of 2 OK created sql table model std_schema.std_leads ......................... [[32mSELECT 55845[0m in 1.49s]
[2026-10-01T07:29:21.551+0000] {subprocess.py:106} INFO - [0m07:29:21
[2026-10-01T07:29:21.553+0000] {subprocess.py:106} INFO - [0m07:29:21  Finished running 2 table models in 0 hours 0 minutes and 2.20 seconds (2.20s).
[2026-10-01T07:29:21.601+0000] {subprocess.py:106} INFO - [0m07:29:21
[2026-10-01T07:29:21.603+0000] {subprocess.py:106} INFO - [0m07:29:21  [32mCompleted successfully[0m
[2026-10-01T07:29:21.606+0000] {subprocess.py:106} INFO - [0m07:29:21
[2026-10-01T07:29:21.608+0000] {subprocess.py:106} INFO - [0m07:29:21  Done. PASS=2 WARN=0 ERROR=0 SKIP=0 TOTAL=2
[2026-10-01T07:29:22.603+0000] {subprocess.py:110} INFO - Command exited with return code 0
[2026-10-01T07:29:22.642+0000] {taskinstance.py:341} INFO - ::group::Post task execution logs
[2026-10-01T07:29:22.644+0000] {taskinstance.py:353} INFO - Marking task as SUCCESS. dag_id=my_data_pipeline, task_id=run_std_data, run_id=manual__2026-10-01T07:24:07+00:00, execution_date=20261001T072407, start_date=20261001T072915, end_date=20261001T072922
[2026-10-01T07:29:22.702+0000] {local_task_job_runner.py:266} INFO - Task exited with return code 0
[2026-10-01T07:29:22.748+0000] {taskinstance.py:3901} INFO - 1 downstream tasks scheduled from follow-on schedule check
[2026-10-01T07:29:22.753+0000] {local_task_job_runner.py:245} INFO - ::endgroup::
