[2026-10-01T10:00:01.423+0000] {local_task_job_runner.py:123} INFO - ::group::Pre task execution logs
[2026-10-01T10:00:01.445+0000] {taskinstance.py:2614} INFO - Dependencies all met for dep_context=non-requeueable deps ti=<TaskInstance: my_data_pipeline.install_dbt_dependencies scheduled__2026-09-30T10:00:00+00:00 [queued]>
[2026-10-01T10:00:01.452+0000] {taskinstance.py:2614} INFO - Dependencies all met for dep_context=requeueable deps ti=<TaskInstance: my_data_pipeline.install_dbt_dependencies scheduled__2026-09-30T10:00:00+00:00 [queued]>
[2026-10-01T10:00:01.454+0000] {taskinstance.py:2867} INFO - Starting attempt 1 of 2
[2026-10-01T10:00:01.468+0000] {taskinstance.py:2890} INFO - Executing <Task(BashOperator): install_dbt_dependencies> on 2026-09-30 10:00:00+00:00
[2026-10-01T10:00:01.474+0000] {standard_task_runner.py:72} INFO - Started process 2457 to run task
[2026-10-01T10:00:01.477+0000] {standard_task_runner.py:104} INFO - Running: ['***', 'tasks', 'run', 'my_data_pipeline', 'install_dbt_dependencies', 'scheduled__2026-09-30T10:00:00+00:00', '--job-id', '26', '--raw', '--subdir', 'DAGS_FOLDER/dbt_pipeline.py', '--cfg-path', '/tmp/tmpkrnwh0l7']
[2026-10-01T10:00:01.480+0000] {standard_task_runner.py:105} INFO - Job 26: Subtask install_dbt_dependencies
[2026-10-01T10:00:01.536+0000] {task_command.py:467} INFO - Running <TaskInstance: my_data_pipeline.install_dbt_dependencies scheduled__2026-09-30T10:00:00+00:00 [running]> on host e946b1b4274d
[2026-10-01T10:00:01.633+0000] {taskinstance.py:3134} INFO - Exporting env vars: AIRFLOW_CTX_DAG_OWNER='***' AIRFLOW_CTX_DAG_ID='my_data_pipeline' AIRFLOW_CTX_TASK_ID='install_dbt_dependencies' AIRFLOW_CTX_EXECUTION_DATE='2026-09-30T10:00:00+00:00' AIRFLOW_CTX_TRY_NUMBER='1' AIRFLOW_CTX_DAG_RUN_ID='scheduled__2026-09-30T10:00:00+00:00'
[2026-10-01T10:00:01.636+0000] {taskinstance.py:732} INFO - ::endgroup::
[2026-10-01T10:00:01.655+0000] {subprocess.py:78} INFO - Tmp dir root location: /tmp
[2026-10-01T10:00:01.657+0000] {subprocess.py:88} INFO - Running command: ['/usr/bin/bash', '-c', 'cd "/opt/***/my_data_pipeline" && dbt deps --no-version-check --profiles-dir "/opt/***/my_data_pipeline"']
[2026-10-01T10:00:01.668+0000] {subprocess.py:99} INFO - Output:
[2026-10-01T10:00:04.627+0000] {subprocess.py:106} INFO - [0m10:00:04  Running with dbt=1.7.19
[2026-10-01T10:00:04.781+0000] {subprocess.py:106} INFO - [0m10:00:04  Warning: No packages were found in packages.yml
[2026-10-01T10:00:04.790+0000] {subprocess.py:106} INFO - [0m10:00:04  Warning: No packages were found in packages.yml
[2026-10-01T10:00:05.853+0000] {subprocess.py:110} INFO - Command exited with return code 0
[2026-10-01T10:00:05.886+0000] {taskinstance.py:341} INFO - ::group::Post task execution logs
[2026-10-01T10:00:05.888+0000] {taskinstance.py:353} INFO - Marking task as SUCCESS. dag_id=my_data_pipeline, task_id=install_dbt_dependencies, run_id=scheduled__2026-09-30T10:00:00+00:00, execution_date=20260930T100000, start_date=20261001T100001, end_date=20261001T100005
[2026-10-01T10:00:05.960+0000] {local_task_job_runner.py:266} INFO - Task exited with return code 0
[2026-10-01T10:00:05.990+0000] {taskinstance.py:3901} INFO - 1 downstream tasks scheduled from follow-on schedule check
[2026-10-01T10:00:05.994+0000] {local_task_job_runner.py:245} INFO - ::endgroup::
