[2026-10-01T07:13:49.845+0000] {local_task_job_runner.py:123} INFO - ::group::Pre task execution logs
[2026-10-01T07:13:49.883+0000] {taskinstance.py:2614} INFO - Dependencies all met for dep_context=non-requeueable deps ti=<TaskInstance: my_data_pipeline.run_stg_source manual__2026-10-01T07:09:11+00:00 [queued]>
[2026-10-01T07:13:49.900+0000] {taskinstance.py:2614} INFO - Dependencies all met for dep_context=requeueable deps ti=<TaskInstance: my_data_pipeline.run_stg_source manual__2026-10-01T07:09:11+00:00 [queued]>
[2026-10-01T07:13:49.903+0000] {taskinstance.py:2867} INFO - Starting attempt 1 of 2
[2026-10-01T07:13:49.923+0000] {taskinstance.py:2890} INFO - Executing <Task(BashOperator): run_stg_source> on 2026-10-01 07:09:11+00:00
[2026-10-01T07:13:49.929+0000] {standard_task_runner.py:72} INFO - Started process 422 to run task
[2026-10-01T07:13:49.934+0000] {standard_task_runner.py:104} INFO - Running: ['***', 'tasks', 'run', 'my_data_pipeline', 'run_stg_source', 'manual__2026-10-01T07:09:11+00:00', '--job-id', '8', '--raw', '--subdir', 'DAGS_FOLDER/dbt_pipeline.py', '--cfg-path', '/tmp/tmpuhml0coj']
[2026-10-01T07:13:49.941+0000] {standard_task_runner.py:105} INFO - Job 8: Subtask run_stg_source
[2026-10-01T07:13:50.022+0000] {task_command.py:467} INFO - Running <TaskInstance: my_data_pipeline.run_stg_source manual__2026-10-01T07:09:11+00:00 [running]> on host e946b1b4274d
[2026-10-01T07:13:50.127+0000] {taskinstance.py:3134} INFO - Exporting env vars: AIRFLOW_CTX_DAG_OWNER='***' AIRFLOW_CTX_DAG_ID='my_data_pipeline' AIRFLOW_CTX_TASK_ID='run_stg_source' AIRFLOW_CTX_EXECUTION_DATE='2026-10-01T07:09:11+00:00' AIRFLOW_CTX_TRY_NUMBER='1' AIRFLOW_CTX_DAG_RUN_ID='manual__2026-10-01T07:09:11+00:00'
[2026-10-01T07:13:50.130+0000] {taskinstance.py:732} INFO - ::endgroup::
[2026-10-01T07:13:50.150+0000] {subprocess.py:78} INFO - Tmp dir root location: /tmp
[2026-10-01T07:13:50.154+0000] {subprocess.py:88} INFO - Running command: ['/usr/bin/bash', '-c', 'cd "/opt/***/my_data_pipeline" && dbt run --select path:models/stg_source --profiles-dir "/opt/***/my_data_pipeline"']
[2026-10-01T07:13:50.164+0000] {subprocess.py:99} INFO - Output:
[2026-10-01T07:13:52.882+0000] {subprocess.py:106} INFO - [0m07:13:52  Running with dbt=1.7.19
[2026-10-01T07:13:53.092+0000] {subprocess.py:106} INFO - [0m07:13:53  Registered adapter: postgres=1.7.19
[2026-10-01T07:13:53.567+0000] {subprocess.py:106} INFO - [0m07:13:53  Found 14 models, 5 tests, 2 seeds, 0 sources, 0 exposures, 0 metrics, 402 macros, 0 groups, 0 semantic models
[2026-10-01T07:13:53.575+0000] {subprocess.py:106} INFO - [0m07:13:53
[2026-10-01T07:13:53.901+0000] {subprocess.py:106} INFO - [0m07:13:53  Concurrency: 4 threads (target='dev')
[2026-10-01T07:13:53.902+0000] {subprocess.py:106} INFO - [0m07:13:53
[2026-10-01T07:13:53.915+0000] {subprocess.py:106} INFO - [0m07:13:53  1 of 2 START sql table model stg_schema.stg_leads .............................. [RUN]
[2026-10-01T07:13:53.917+0000] {subprocess.py:106} INFO - [0m07:13:53  2 of 2 START sql table model stg_schema.stg_sales .............................. [RUN]
[2026-10-01T07:13:54.207+0000] {subprocess.py:106} INFO - [0m07:13:54  2 of 2 OK created sql table model stg_schema.stg_sales ......................... [[32mSELECT 1567[0m in 0.28s]
[2026-10-01T07:17:28.460+0000] {subprocess.py:106} INFO - [0m07:17:28  1 of 2 OK created sql table model stg_schema.stg_leads ......................... [[32mSELECT 55924[0m in 214.54s]
[2026-10-01T07:17:28.548+0000] {subprocess.py:106} INFO - [0m07:17:28
[2026-10-01T07:17:28.549+0000] {subprocess.py:106} INFO - [0m07:17:28  Finished running 2 table models in 0 hours 3 minutes and 34.97 seconds (214.97s).
[2026-10-01T07:17:28.579+0000] {subprocess.py:106} INFO - [0m07:17:28
[2026-10-01T07:17:28.580+0000] {subprocess.py:106} INFO - [0m07:17:28  [32mCompleted successfully[0m
[2026-10-01T07:17:28.582+0000] {subprocess.py:106} INFO - [0m07:17:28
[2026-10-01T07:17:28.583+0000] {subprocess.py:106} INFO - [0m07:17:28  Done. PASS=2 WARN=0 ERROR=0 SKIP=0 TOTAL=2
[2026-10-01T07:17:29.830+0000] {subprocess.py:110} INFO - Command exited with return code 0
[2026-10-01T07:17:29.877+0000] {taskinstance.py:341} INFO - ::group::Post task execution logs
[2026-10-01T07:17:29.879+0000] {taskinstance.py:353} INFO - Marking task as SUCCESS. dag_id=my_data_pipeline, task_id=run_stg_source, run_id=manual__2026-10-01T07:09:11+00:00, execution_date=20261001T070911, start_date=20261001T071349, end_date=20261001T071729
[2026-10-01T07:17:29.945+0000] {local_task_job_runner.py:266} INFO - Task exited with return code 0
[2026-10-01T07:17:29.973+0000] {taskinstance.py:3901} INFO - 1 downstream tasks scheduled from follow-on schedule check
[2026-10-01T07:17:29.977+0000] {local_task_job_runner.py:245} INFO - ::endgroup::
